------------------------------------------------------------
Timing Analyzer Summary
------------------------------------------------------------

Type  : Slow 1100mV 85C Model Setup 'clk'
Slack : -0.227
TNS   : -0.914

Type  : Slow 1100mV 85C Model Hold 'clk'
Slack : 0.247
TNS   : 0.000

Type  : Slow 1100mV 85C Model Minimum Pulse Width 'clk'
Slack : -0.394
TNS   : -5.180

Type  : Slow 1100mV 0C Model Setup 'clk'
Slack : -0.266
TNS   : -1.104

Type  : Slow 1100mV 0C Model Hold 'clk'
Slack : 0.227
TNS   : 0.000

Type  : Slow 1100mV 0C Model Minimum Pulse Width 'clk'
Slack : -0.394
TNS   : -5.587

Type  : Fast 1100mV 85C Model Setup 'clk'
Slack : 0.294
TNS   : 0.000

Type  : Fast 1100mV 85C Model Hold 'clk'
Slack : 0.147
TNS   : 0.000

Type  : Fast 1100mV 85C Model Minimum Pulse Width 'clk'
Slack : -0.089
TNS   : -0.886

Type  : Fast 1100mV 0C Model Setup 'clk'
Slack : 0.320
TNS   : 0.000

Type  : Fast 1100mV 0C Model Hold 'clk'
Slack : 0.135
TNS   : 0.000

Type  : Fast 1100mV 0C Model Minimum Pulse Width 'clk'
Slack : -0.089
TNS   : -0.884

------------------------------------------------------------
