Analysis & Elaboration report for PWM
Mon May 06 00:06:19 2024
Quartus Prime Version 20.1.1 Build 720 11/11/2020 SJ Lite Edition


---------------------
; Table of Contents ;
---------------------
  1. Legal Notice
  2. Analysis & Elaboration Summary
  3. Parallel Compilation
  4. Analysis & Elaboration Settings
  5. Port Connectivity Checks: "Decodificador4:deco"
  6. Port Connectivity Checks: "restador4bits:UUT_r"
  7. Port Connectivity Checks: "sumador4bits:UUT"
  8. Analysis & Elaboration Messages



----------------
; Legal Notice ;
----------------
Copyright (C) 2020  Intel Corporation. All rights reserved.
Your use of Intel Corporation's design tools, logic functions 
and other software and tools, and any partner logic 
functions, and any output files from any of the foregoing 
(including device programming or simulation files), and any 
associated documentation or information are expressly subject 
to the terms and conditions of the Intel Program License 
Subscription Agreement, the Intel Quartus Prime License Agreement,
the Intel FPGA IP License Agreement, or other applicable license
agreement, including, without limitation, that your use is for
the sole purpose of programming logic devices manufactured by
Intel and sold by Intel or its authorized distributors.  Please
refer to the applicable agreement for further details, at
https://fpgasoftware.intel.com/eula.



+-----------------------------------------------------------------------------+
; Analysis & Elaboration Summary                                              ;
+-------------------------------+---------------------------------------------+
; Analysis & Elaboration Status ; Successful - Mon May 06 00:06:19 2024       ;
; Quartus Prime Version         ; 20.1.1 Build 720 11/11/2020 SJ Lite Edition ;
; Revision Name                 ; PWM                                         ;
; Top-level Entity Name         ; ALU                                         ;
; Family                        ; Cyclone V                                   ;
; Logic utilization (in ALMs)   ; N/A until Partition Merge                   ;
; Total registers               ; N/A until Partition Merge                   ;
; Total pins                    ; N/A until Partition Merge                   ;
; Total virtual pins            ; N/A until Partition Merge                   ;
; Total block memory bits       ; N/A until Partition Merge                   ;
; Total PLLs                    ; N/A until Partition Merge                   ;
; Total DLLs                    ; N/A until Partition Merge                   ;
+-------------------------------+---------------------------------------------+


+------------------------------------------+
; Parallel Compilation                     ;
+----------------------------+-------------+
; Processors                 ; Number      ;
+----------------------------+-------------+
; Number detected on machine ; 4           ;
; Maximum allowed            ; 2           ;
;                            ;             ;
; Average used               ; 1.00        ;
; Maximum used               ; 1           ;
;                            ;             ;
; Usage by Processor         ; % Time Used ;
;     Processor 1            ; 100.0%      ;
+----------------------------+-------------+


+---------------------------------------------------------------------------------------------------------------------------+
; Analysis & Elaboration Settings                                                                                           ;
+---------------------------------------------------------------------------------+--------------------+--------------------+
; Option                                                                          ; Setting            ; Default Value      ;
+---------------------------------------------------------------------------------+--------------------+--------------------+
; Device                                                                          ; 5CSEMA5F31C6       ;                    ;
; Top-level entity name                                                           ; ALU                ; PWM                ;
; Family name                                                                     ; Cyclone V          ; Cyclone V          ;
; Use smart compilation                                                           ; Off                ; Off                ;
; Enable parallel Assembler and Timing Analyzer during compilation                ; On                 ; On                 ;
; Enable compact report table                                                     ; Off                ; Off                ;
; Restructure Multiplexers                                                        ; Auto               ; Auto               ;
; MLAB Add Timing Constraints For Mixed-Port Feed-Through Mode Setting Don't Care ; Off                ; Off                ;
; Create Debugging Nodes for IP Cores                                             ; Off                ; Off                ;
; Preserve fewer node names                                                       ; On                 ; On                 ;
; Intel FPGA IP Evaluation Mode                                                   ; Enable             ; Enable             ;
; Verilog Version                                                                 ; Verilog_2001       ; Verilog_2001       ;
; VHDL Version                                                                    ; VHDL_1993          ; VHDL_1993          ;
; State Machine Processing                                                        ; Auto               ; Auto               ;
; Safe State Machine                                                              ; Off                ; Off                ;
; Extract Verilog State Machines                                                  ; On                 ; On                 ;
; Extract VHDL State Machines                                                     ; On                 ; On                 ;
; Ignore Verilog initial constructs                                               ; Off                ; Off                ;
; Iteration limit for constant Verilog loops                                      ; 5000               ; 5000               ;
; Iteration limit for non-constant Verilog loops                                  ; 250                ; 250                ;
; Add Pass-Through Logic to Inferred RAMs                                         ; On                 ; On                 ;
; Infer RAMs from Raw Logic                                                       ; On                 ; On                 ;
; Parallel Synthesis                                                              ; On                 ; On                 ;
; DSP Block Balancing                                                             ; Auto               ; Auto               ;
; NOT Gate Push-Back                                                              ; On                 ; On                 ;
; Power-Up Don't Care                                                             ; On                 ; On                 ;
; Remove Redundant Logic Cells                                                    ; Off                ; Off                ;
; Remove Duplicate Registers                                                      ; On                 ; On                 ;
; Ignore CARRY Buffers                                                            ; Off                ; Off                ;
; Ignore CASCADE Buffers                                                          ; Off                ; Off                ;
; Ignore GLOBAL Buffers                                                           ; Off                ; Off                ;
; Ignore ROW GLOBAL Buffers                                                       ; Off                ; Off                ;
; Ignore LCELL Buffers                                                            ; Off                ; Off                ;
; Ignore SOFT Buffers                                                             ; On                 ; On                 ;
; Limit AHDL Integers to 32 Bits                                                  ; Off                ; Off                ;
; Optimization Technique                                                          ; Balanced           ; Balanced           ;
; Carry Chain Length                                                              ; 70                 ; 70                 ;
; Auto Carry Chains                                                               ; On                 ; On                 ;
; Auto Open-Drain Pins                                                            ; On                 ; On                 ;
; Perform WYSIWYG Primitive Resynthesis                                           ; Off                ; Off                ;
; Auto ROM Replacement                                                            ; On                 ; On                 ;
; Auto RAM Replacement                                                            ; On                 ; On                 ;
; Auto DSP Block Replacement                                                      ; On                 ; On                 ;
; Auto Shift Register Replacement                                                 ; Auto               ; Auto               ;
; Allow Shift Register Merging across Hierarchies                                 ; Auto               ; Auto               ;
; Auto Clock Enable Replacement                                                   ; On                 ; On                 ;
; Strict RAM Replacement                                                          ; Off                ; Off                ;
; Allow Synchronous Control Signals                                               ; On                 ; On                 ;
; Force Use of Synchronous Clear Signals                                          ; Off                ; Off                ;
; Auto Resource Sharing                                                           ; Off                ; Off                ;
; Allow Any RAM Size For Recognition                                              ; Off                ; Off                ;
; Allow Any ROM Size For Recognition                                              ; Off                ; Off                ;
; Allow Any Shift Register Size For Recognition                                   ; Off                ; Off                ;
; Use LogicLock Constraints during Resource Balancing                             ; On                 ; On                 ;
; Ignore translate_off and synthesis_off directives                               ; Off                ; Off                ;
; Timing-Driven Synthesis                                                         ; On                 ; On                 ;
; Report Parameter Settings                                                       ; On                 ; On                 ;
; Report Source Assignments                                                       ; On                 ; On                 ;
; Report Connectivity Checks                                                      ; On                 ; On                 ;
; Ignore Maximum Fan-Out Assignments                                              ; Off                ; Off                ;
; Synchronization Register Chain Length                                           ; 3                  ; 3                  ;
; Power Optimization During Synthesis                                             ; Normal compilation ; Normal compilation ;
; HDL message level                                                               ; Level2             ; Level2             ;
; Suppress Register Optimization Related Messages                                 ; Off                ; Off                ;
; Number of Removed Registers Reported in Synthesis Report                        ; 5000               ; 5000               ;
; Number of Swept Nodes Reported in Synthesis Report                              ; 5000               ; 5000               ;
; Number of Inverted Registers Reported in Synthesis Report                       ; 100                ; 100                ;
; Clock MUX Protection                                                            ; On                 ; On                 ;
; Auto Gated Clock Conversion                                                     ; Off                ; Off                ;
; Block Design Naming                                                             ; Auto               ; Auto               ;
; SDC constraint protection                                                       ; Off                ; Off                ;
; Synthesis Effort                                                                ; Auto               ; Auto               ;
; Shift Register Replacement - Allow Asynchronous Clear Signal                    ; On                 ; On                 ;
; Pre-Mapping Resynthesis Optimization                                            ; Off                ; Off                ;
; Analysis & Synthesis Message Level                                              ; Medium             ; Medium             ;
; Disable Register Merging Across Hierarchies                                     ; Auto               ; Auto               ;
; Resource Aware Inference For Block RAM                                          ; On                 ; On                 ;
; Automatic Parallel Synthesis                                                    ; On                 ; On                 ;
; Partial Reconfiguration Bitstream ID                                            ; Off                ; Off                ;
+---------------------------------------------------------------------------------+--------------------+--------------------+


+----------------------------------------------------+
; Port Connectivity Checks: "Decodificador4:deco"    ;
+------------------+-------+----------+--------------+
; Port             ; Type  ; Severity ; Details      ;
+------------------+-------+----------+--------------+
; num_all[1][3..1] ; Input ; Info     ; Stuck at GND ;
+------------------+-------+----------+--------------+


+--------------------------------------------------------------------------------------------------------------------------------------------+
; Port Connectivity Checks: "restador4bits:UUT_r"                                                                                            ;
+-------------+--------+----------+----------------------------------------------------------------------------------------------------------+
; Port        ; Type   ; Severity ; Details                                                                                                  ;
+-------------+--------+----------+----------------------------------------------------------------------------------------------------------+
; salida7seg0 ; Output ; Warning  ; Declared by entity but not connected by instance. Logic that only feeds a dangling port will be removed. ;
; salida7seg1 ; Output ; Warning  ; Declared by entity but not connected by instance. Logic that only feeds a dangling port will be removed. ;
+-------------+--------+----------+----------------------------------------------------------------------------------------------------------+


+--------------------------------------------------------------------------------------------------------------------------------------------+
; Port Connectivity Checks: "sumador4bits:UUT"                                                                                               ;
+-------------+--------+----------+----------------------------------------------------------------------------------------------------------+
; Port        ; Type   ; Severity ; Details                                                                                                  ;
+-------------+--------+----------+----------------------------------------------------------------------------------------------------------+
; salida7seg0 ; Output ; Warning  ; Declared by entity but not connected by instance. Logic that only feeds a dangling port will be removed. ;
; salida7seg1 ; Output ; Warning  ; Declared by entity but not connected by instance. Logic that only feeds a dangling port will be removed. ;
+-------------+--------+----------+----------------------------------------------------------------------------------------------------------+


+---------------------------------+
; Analysis & Elaboration Messages ;
+---------------------------------+
Info: *******************************************************************
Info: Running Quartus Prime Analysis & Elaboration
    Info: Version 20.1.1 Build 720 11/11/2020 SJ Lite Edition
    Info: Processing started: Mon May 06 00:06:05 2024
Info: Command: quartus_map --read_settings_files=on --write_settings_files=off PWM -c PWM --analysis_and_elaboration
Warning (18236): Number of processors has not been specified which may cause overloading on shared machines.  Set the global assignment NUM_PARALLEL_PROCESSORS in your QSF to an appropriate value for best performance.
Info (20030): Parallel compilation is enabled and will use 2 of the 2 processors detected
Info (12021): Found 1 design units, including 1 entities, in source file pwm.sv
    Info (12023): Found entity 1: PWM File: C:/Users/Alisson RM/Documents/GitHub/A_Vega_compu_archi_found_2G1_2024/PWM/PWM.sv Line: 1
Info (12021): Found 1 design units, including 1 entities, in source file pwm_tb.sv
    Info (12023): Found entity 1: PWM_tb File: C:/Users/Alisson RM/Documents/GitHub/A_Vega_compu_archi_found_2G1_2024/PWM/PWM_tb.sv Line: 1
Info (12021): Found 1 design units, including 1 entities, in source file counter.sv
    Info (12023): Found entity 1: counter File: C:/Users/Alisson RM/Documents/GitHub/A_Vega_compu_archi_found_2G1_2024/PWM/counter.sv Line: 1
Info (12021): Found 1 design units, including 1 entities, in source file spi_slave.sv
    Info (12023): Found entity 1: spi_slave File: C:/Users/Alisson RM/Documents/GitHub/A_Vega_compu_archi_found_2G1_2024/PWM/spi_slave.sv Line: 1
Info (12021): Found 1 design units, including 1 entities, in source file sumador_medio.sv
    Info (12023): Found entity 1: Sumador_medio File: C:/Users/Alisson RM/Documents/GitHub/A_Vega_compu_archi_found_2G1_2024/PWM/Sumador_medio.sv Line: 1
Info (12021): Found 1 design units, including 1 entities, in source file sumador_completo.sv
    Info (12023): Found entity 1: Sumador_completo File: C:/Users/Alisson RM/Documents/GitHub/A_Vega_compu_archi_found_2G1_2024/PWM/Sumador_completo.sv Line: 1
Info (12021): Found 1 design units, including 1 entities, in source file restador_medio.sv
    Info (12023): Found entity 1: Restador_medio File: C:/Users/Alisson RM/Documents/GitHub/A_Vega_compu_archi_found_2G1_2024/PWM/Restador_medio.sv Line: 1
Info (12021): Found 1 design units, including 1 entities, in source file restador_completo.sv
    Info (12023): Found entity 1: Restador_completo File: C:/Users/Alisson RM/Documents/GitHub/A_Vega_compu_archi_found_2G1_2024/PWM/Restador_completo.sv Line: 1
Warning (12018): Entity "AND" will be ignored because it conflicts with Quartus Prime primitive name File: C:/Users/Alisson RM/Documents/GitHub/A_Vega_compu_archi_found_2G1_2024/PWM/AND.sv Line: 1
Info (12021): Found 1 design units, including 1 entities, in source file and.sv
Warning (12018): Entity "OR" will be ignored because it conflicts with Quartus Prime primitive name File: C:/Users/Alisson RM/Documents/GitHub/A_Vega_compu_archi_found_2G1_2024/PWM/OR.sv Line: 1
Info (12021): Found 1 design units, including 1 entities, in source file or.sv
Info (12021): Found 1 design units, including 1 entities, in source file restador4bits.sv
    Info (12023): Found entity 1: restador4bits File: C:/Users/Alisson RM/Documents/GitHub/A_Vega_compu_archi_found_2G1_2024/PWM/restador4bits.sv Line: 1
Info (12021): Found 1 design units, including 1 entities, in source file sumador4bits.sv
    Info (12023): Found entity 1: sumador4bits File: C:/Users/Alisson RM/Documents/GitHub/A_Vega_compu_archi_found_2G1_2024/PWM/sumador4bits.sv Line: 1
Info (12021): Found 1 design units, including 1 entities, in source file alu.sv
    Info (12023): Found entity 1: ALU File: C:/Users/Alisson RM/Documents/GitHub/A_Vega_compu_archi_found_2G1_2024/PWM/ALU.sv Line: 1
Info (12021): Found 1 design units, including 1 entities, in source file alu_tb.sv
    Info (12023): Found entity 1: ALU_tb File: C:/Users/Alisson RM/Documents/GitHub/A_Vega_compu_archi_found_2G1_2024/PWM/ALU_tb.sv Line: 1
Info (12021): Found 1 design units, including 1 entities, in source file decodificador4.sv
    Info (12023): Found entity 1: Decodificador4 File: C:/Users/Alisson RM/Documents/GitHub/A_Vega_compu_archi_found_2G1_2024/PWM/Decodificador4.sv Line: 1
Info (12021): Found 1 design units, including 1 entities, in source file decodificadorbinario.sv
    Info (12023): Found entity 1: DecodificadorBinario File: C:/Users/Alisson RM/Documents/GitHub/A_Vega_compu_archi_found_2G1_2024/PWM/DecodificadorBinario.sv Line: 1
Info (12127): Elaborating entity "ALU" for the top level hierarchy
Warning (10230): Verilog HDL assignment warning at ALU.sv(75): truncated value with size 32 to match size of target (4) File: C:/Users/Alisson RM/Documents/GitHub/A_Vega_compu_archi_found_2G1_2024/PWM/ALU.sv Line: 75
Warning (10240): Verilog HDL Always Construct warning at ALU.sv(64): inferring latch(es) for variable "x", which holds its previous value in one or more paths through the always construct File: C:/Users/Alisson RM/Documents/GitHub/A_Vega_compu_archi_found_2G1_2024/PWM/ALU.sv Line: 64
Warning (10240): Verilog HDL Always Construct warning at ALU.sv(64): inferring latch(es) for variable "carry", which holds its previous value in one or more paths through the always construct File: C:/Users/Alisson RM/Documents/GitHub/A_Vega_compu_archi_found_2G1_2024/PWM/ALU.sv Line: 64
Warning (10240): Verilog HDL Always Construct warning at ALU.sv(64): inferring latch(es) for variable "y", which holds its previous value in one or more paths through the always construct File: C:/Users/Alisson RM/Documents/GitHub/A_Vega_compu_archi_found_2G1_2024/PWM/ALU.sv Line: 64
Info (10041): Inferred latch for "carry" at ALU.sv(64) File: C:/Users/Alisson RM/Documents/GitHub/A_Vega_compu_archi_found_2G1_2024/PWM/ALU.sv Line: 64
Info (10041): Inferred latch for "y[0]" at ALU.sv(107) File: C:/Users/Alisson RM/Documents/GitHub/A_Vega_compu_archi_found_2G1_2024/PWM/ALU.sv Line: 107
Info (10041): Inferred latch for "y[1]" at ALU.sv(107) File: C:/Users/Alisson RM/Documents/GitHub/A_Vega_compu_archi_found_2G1_2024/PWM/ALU.sv Line: 107
Info (10041): Inferred latch for "y[2]" at ALU.sv(107) File: C:/Users/Alisson RM/Documents/GitHub/A_Vega_compu_archi_found_2G1_2024/PWM/ALU.sv Line: 107
Info (10041): Inferred latch for "y[3]" at ALU.sv(107) File: C:/Users/Alisson RM/Documents/GitHub/A_Vega_compu_archi_found_2G1_2024/PWM/ALU.sv Line: 107
Info (10041): Inferred latch for "y[4]" at ALU.sv(107) File: C:/Users/Alisson RM/Documents/GitHub/A_Vega_compu_archi_found_2G1_2024/PWM/ALU.sv Line: 107
Info (10041): Inferred latch for "y[5]" at ALU.sv(107) File: C:/Users/Alisson RM/Documents/GitHub/A_Vega_compu_archi_found_2G1_2024/PWM/ALU.sv Line: 107
Info (10041): Inferred latch for "y[6]" at ALU.sv(107) File: C:/Users/Alisson RM/Documents/GitHub/A_Vega_compu_archi_found_2G1_2024/PWM/ALU.sv Line: 107
Info (10041): Inferred latch for "y[7]" at ALU.sv(107) File: C:/Users/Alisson RM/Documents/GitHub/A_Vega_compu_archi_found_2G1_2024/PWM/ALU.sv Line: 107
Info (10041): Inferred latch for "y[8]" at ALU.sv(107) File: C:/Users/Alisson RM/Documents/GitHub/A_Vega_compu_archi_found_2G1_2024/PWM/ALU.sv Line: 107
Info (10041): Inferred latch for "y[9]" at ALU.sv(107) File: C:/Users/Alisson RM/Documents/GitHub/A_Vega_compu_archi_found_2G1_2024/PWM/ALU.sv Line: 107
Info (10041): Inferred latch for "y[10]" at ALU.sv(107) File: C:/Users/Alisson RM/Documents/GitHub/A_Vega_compu_archi_found_2G1_2024/PWM/ALU.sv Line: 107
Info (10041): Inferred latch for "y[11]" at ALU.sv(107) File: C:/Users/Alisson RM/Documents/GitHub/A_Vega_compu_archi_found_2G1_2024/PWM/ALU.sv Line: 107
Info (10041): Inferred latch for "y[12]" at ALU.sv(107) File: C:/Users/Alisson RM/Documents/GitHub/A_Vega_compu_archi_found_2G1_2024/PWM/ALU.sv Line: 107
Info (10041): Inferred latch for "y[13]" at ALU.sv(107) File: C:/Users/Alisson RM/Documents/GitHub/A_Vega_compu_archi_found_2G1_2024/PWM/ALU.sv Line: 107
Info (10041): Inferred latch for "y[14]" at ALU.sv(107) File: C:/Users/Alisson RM/Documents/GitHub/A_Vega_compu_archi_found_2G1_2024/PWM/ALU.sv Line: 107
Info (10041): Inferred latch for "y[15]" at ALU.sv(107) File: C:/Users/Alisson RM/Documents/GitHub/A_Vega_compu_archi_found_2G1_2024/PWM/ALU.sv Line: 107
Info (10041): Inferred latch for "y[16]" at ALU.sv(107) File: C:/Users/Alisson RM/Documents/GitHub/A_Vega_compu_archi_found_2G1_2024/PWM/ALU.sv Line: 107
Info (10041): Inferred latch for "y[17]" at ALU.sv(107) File: C:/Users/Alisson RM/Documents/GitHub/A_Vega_compu_archi_found_2G1_2024/PWM/ALU.sv Line: 107
Info (10041): Inferred latch for "y[18]" at ALU.sv(107) File: C:/Users/Alisson RM/Documents/GitHub/A_Vega_compu_archi_found_2G1_2024/PWM/ALU.sv Line: 107
Info (10041): Inferred latch for "y[19]" at ALU.sv(107) File: C:/Users/Alisson RM/Documents/GitHub/A_Vega_compu_archi_found_2G1_2024/PWM/ALU.sv Line: 107
Info (10041): Inferred latch for "y[20]" at ALU.sv(107) File: C:/Users/Alisson RM/Documents/GitHub/A_Vega_compu_archi_found_2G1_2024/PWM/ALU.sv Line: 107
Info (10041): Inferred latch for "y[21]" at ALU.sv(107) File: C:/Users/Alisson RM/Documents/GitHub/A_Vega_compu_archi_found_2G1_2024/PWM/ALU.sv Line: 107
Info (10041): Inferred latch for "y[22]" at ALU.sv(107) File: C:/Users/Alisson RM/Documents/GitHub/A_Vega_compu_archi_found_2G1_2024/PWM/ALU.sv Line: 107
Info (10041): Inferred latch for "y[23]" at ALU.sv(107) File: C:/Users/Alisson RM/Documents/GitHub/A_Vega_compu_archi_found_2G1_2024/PWM/ALU.sv Line: 107
Info (10041): Inferred latch for "y[24]" at ALU.sv(107) File: C:/Users/Alisson RM/Documents/GitHub/A_Vega_compu_archi_found_2G1_2024/PWM/ALU.sv Line: 107
Info (10041): Inferred latch for "y[25]" at ALU.sv(107) File: C:/Users/Alisson RM/Documents/GitHub/A_Vega_compu_archi_found_2G1_2024/PWM/ALU.sv Line: 107
Info (10041): Inferred latch for "y[26]" at ALU.sv(107) File: C:/Users/Alisson RM/Documents/GitHub/A_Vega_compu_archi_found_2G1_2024/PWM/ALU.sv Line: 107
Info (10041): Inferred latch for "y[27]" at ALU.sv(107) File: C:/Users/Alisson RM/Documents/GitHub/A_Vega_compu_archi_found_2G1_2024/PWM/ALU.sv Line: 107
Info (10041): Inferred latch for "y[28]" at ALU.sv(107) File: C:/Users/Alisson RM/Documents/GitHub/A_Vega_compu_archi_found_2G1_2024/PWM/ALU.sv Line: 107
Info (10041): Inferred latch for "y[29]" at ALU.sv(107) File: C:/Users/Alisson RM/Documents/GitHub/A_Vega_compu_archi_found_2G1_2024/PWM/ALU.sv Line: 107
Info (10041): Inferred latch for "y[30]" at ALU.sv(107) File: C:/Users/Alisson RM/Documents/GitHub/A_Vega_compu_archi_found_2G1_2024/PWM/ALU.sv Line: 107
Info (10041): Inferred latch for "y[31]" at ALU.sv(107) File: C:/Users/Alisson RM/Documents/GitHub/A_Vega_compu_archi_found_2G1_2024/PWM/ALU.sv Line: 107
Info (10041): Inferred latch for "x[0]" at ALU.sv(107) File: C:/Users/Alisson RM/Documents/GitHub/A_Vega_compu_archi_found_2G1_2024/PWM/ALU.sv Line: 107
Info (10041): Inferred latch for "x[1]" at ALU.sv(107) File: C:/Users/Alisson RM/Documents/GitHub/A_Vega_compu_archi_found_2G1_2024/PWM/ALU.sv Line: 107
Info (10041): Inferred latch for "x[2]" at ALU.sv(107) File: C:/Users/Alisson RM/Documents/GitHub/A_Vega_compu_archi_found_2G1_2024/PWM/ALU.sv Line: 107
Info (10041): Inferred latch for "x[3]" at ALU.sv(107) File: C:/Users/Alisson RM/Documents/GitHub/A_Vega_compu_archi_found_2G1_2024/PWM/ALU.sv Line: 107
Info (10041): Inferred latch for "x[4]" at ALU.sv(107) File: C:/Users/Alisson RM/Documents/GitHub/A_Vega_compu_archi_found_2G1_2024/PWM/ALU.sv Line: 107
Info (10041): Inferred latch for "x[5]" at ALU.sv(107) File: C:/Users/Alisson RM/Documents/GitHub/A_Vega_compu_archi_found_2G1_2024/PWM/ALU.sv Line: 107
Info (10041): Inferred latch for "x[6]" at ALU.sv(107) File: C:/Users/Alisson RM/Documents/GitHub/A_Vega_compu_archi_found_2G1_2024/PWM/ALU.sv Line: 107
Info (10041): Inferred latch for "x[7]" at ALU.sv(107) File: C:/Users/Alisson RM/Documents/GitHub/A_Vega_compu_archi_found_2G1_2024/PWM/ALU.sv Line: 107
Info (10041): Inferred latch for "x[8]" at ALU.sv(107) File: C:/Users/Alisson RM/Documents/GitHub/A_Vega_compu_archi_found_2G1_2024/PWM/ALU.sv Line: 107
Info (10041): Inferred latch for "x[9]" at ALU.sv(107) File: C:/Users/Alisson RM/Documents/GitHub/A_Vega_compu_archi_found_2G1_2024/PWM/ALU.sv Line: 107
Info (10041): Inferred latch for "x[10]" at ALU.sv(107) File: C:/Users/Alisson RM/Documents/GitHub/A_Vega_compu_archi_found_2G1_2024/PWM/ALU.sv Line: 107
Info (10041): Inferred latch for "x[11]" at ALU.sv(107) File: C:/Users/Alisson RM/Documents/GitHub/A_Vega_compu_archi_found_2G1_2024/PWM/ALU.sv Line: 107
Info (10041): Inferred latch for "x[12]" at ALU.sv(107) File: C:/Users/Alisson RM/Documents/GitHub/A_Vega_compu_archi_found_2G1_2024/PWM/ALU.sv Line: 107
Info (10041): Inferred latch for "x[13]" at ALU.sv(107) File: C:/Users/Alisson RM/Documents/GitHub/A_Vega_compu_archi_found_2G1_2024/PWM/ALU.sv Line: 107
Info (10041): Inferred latch for "x[14]" at ALU.sv(107) File: C:/Users/Alisson RM/Documents/GitHub/A_Vega_compu_archi_found_2G1_2024/PWM/ALU.sv Line: 107
Info (10041): Inferred latch for "x[15]" at ALU.sv(107) File: C:/Users/Alisson RM/Documents/GitHub/A_Vega_compu_archi_found_2G1_2024/PWM/ALU.sv Line: 107
Info (10041): Inferred latch for "x[16]" at ALU.sv(107) File: C:/Users/Alisson RM/Documents/GitHub/A_Vega_compu_archi_found_2G1_2024/PWM/ALU.sv Line: 107
Info (10041): Inferred latch for "x[17]" at ALU.sv(107) File: C:/Users/Alisson RM/Documents/GitHub/A_Vega_compu_archi_found_2G1_2024/PWM/ALU.sv Line: 107
Info (10041): Inferred latch for "x[18]" at ALU.sv(107) File: C:/Users/Alisson RM/Documents/GitHub/A_Vega_compu_archi_found_2G1_2024/PWM/ALU.sv Line: 107
Info (10041): Inferred latch for "x[19]" at ALU.sv(107) File: C:/Users/Alisson RM/Documents/GitHub/A_Vega_compu_archi_found_2G1_2024/PWM/ALU.sv Line: 107
Info (10041): Inferred latch for "x[20]" at ALU.sv(107) File: C:/Users/Alisson RM/Documents/GitHub/A_Vega_compu_archi_found_2G1_2024/PWM/ALU.sv Line: 107
Info (10041): Inferred latch for "x[21]" at ALU.sv(107) File: C:/Users/Alisson RM/Documents/GitHub/A_Vega_compu_archi_found_2G1_2024/PWM/ALU.sv Line: 107
Info (10041): Inferred latch for "x[22]" at ALU.sv(107) File: C:/Users/Alisson RM/Documents/GitHub/A_Vega_compu_archi_found_2G1_2024/PWM/ALU.sv Line: 107
Info (10041): Inferred latch for "x[23]" at ALU.sv(107) File: C:/Users/Alisson RM/Documents/GitHub/A_Vega_compu_archi_found_2G1_2024/PWM/ALU.sv Line: 107
Info (10041): Inferred latch for "x[24]" at ALU.sv(107) File: C:/Users/Alisson RM/Documents/GitHub/A_Vega_compu_archi_found_2G1_2024/PWM/ALU.sv Line: 107
Info (10041): Inferred latch for "x[25]" at ALU.sv(107) File: C:/Users/Alisson RM/Documents/GitHub/A_Vega_compu_archi_found_2G1_2024/PWM/ALU.sv Line: 107
Info (10041): Inferred latch for "x[26]" at ALU.sv(107) File: C:/Users/Alisson RM/Documents/GitHub/A_Vega_compu_archi_found_2G1_2024/PWM/ALU.sv Line: 107
Info (10041): Inferred latch for "x[27]" at ALU.sv(107) File: C:/Users/Alisson RM/Documents/GitHub/A_Vega_compu_archi_found_2G1_2024/PWM/ALU.sv Line: 107
Info (10041): Inferred latch for "x[28]" at ALU.sv(107) File: C:/Users/Alisson RM/Documents/GitHub/A_Vega_compu_archi_found_2G1_2024/PWM/ALU.sv Line: 107
Info (10041): Inferred latch for "x[29]" at ALU.sv(107) File: C:/Users/Alisson RM/Documents/GitHub/A_Vega_compu_archi_found_2G1_2024/PWM/ALU.sv Line: 107
Info (10041): Inferred latch for "x[30]" at ALU.sv(107) File: C:/Users/Alisson RM/Documents/GitHub/A_Vega_compu_archi_found_2G1_2024/PWM/ALU.sv Line: 107
Info (10041): Inferred latch for "x[31]" at ALU.sv(107) File: C:/Users/Alisson RM/Documents/GitHub/A_Vega_compu_archi_found_2G1_2024/PWM/ALU.sv Line: 107
Info (12128): Elaborating entity "sumador4bits" for hierarchy "sumador4bits:UUT" File: C:/Users/Alisson RM/Documents/GitHub/A_Vega_compu_archi_found_2G1_2024/PWM/ALU.sv Line: 28
Warning (10230): Verilog HDL assignment warning at sumador4bits.sv(34): truncated value with size 5 to match size of target (4) File: C:/Users/Alisson RM/Documents/GitHub/A_Vega_compu_archi_found_2G1_2024/PWM/sumador4bits.sv Line: 34
Warning (10034): Output port "salida7seg0" at sumador4bits.sv(6) has no driver File: C:/Users/Alisson RM/Documents/GitHub/A_Vega_compu_archi_found_2G1_2024/PWM/sumador4bits.sv Line: 6
Warning (10034): Output port "salida7seg1" at sumador4bits.sv(8) has no driver File: C:/Users/Alisson RM/Documents/GitHub/A_Vega_compu_archi_found_2G1_2024/PWM/sumador4bits.sv Line: 8
Info (12128): Elaborating entity "Sumador_medio" for hierarchy "sumador4bits:UUT|Sumador_medio:U1" File: C:/Users/Alisson RM/Documents/GitHub/A_Vega_compu_archi_found_2G1_2024/PWM/sumador4bits.sv Line: 19
Info (12128): Elaborating entity "Sumador_completo" for hierarchy "sumador4bits:UUT|Sumador_completo:for_loop[1].U2" File: C:/Users/Alisson RM/Documents/GitHub/A_Vega_compu_archi_found_2G1_2024/PWM/sumador4bits.sv Line: 30
Info (12128): Elaborating entity "restador4bits" for hierarchy "restador4bits:UUT_r" File: C:/Users/Alisson RM/Documents/GitHub/A_Vega_compu_archi_found_2G1_2024/PWM/ALU.sv Line: 34
Warning (10230): Verilog HDL assignment warning at restador4bits.sv(38): truncated value with size 5 to match size of target (4) File: C:/Users/Alisson RM/Documents/GitHub/A_Vega_compu_archi_found_2G1_2024/PWM/restador4bits.sv Line: 38
Warning (10034): Output port "salida7seg0" at restador4bits.sv(6) has no driver File: C:/Users/Alisson RM/Documents/GitHub/A_Vega_compu_archi_found_2G1_2024/PWM/restador4bits.sv Line: 6
Warning (10034): Output port "salida7seg1" at restador4bits.sv(9) has no driver File: C:/Users/Alisson RM/Documents/GitHub/A_Vega_compu_archi_found_2G1_2024/PWM/restador4bits.sv Line: 9
Info (12128): Elaborating entity "Restador_medio" for hierarchy "restador4bits:UUT_r|Restador_medio:U1" File: C:/Users/Alisson RM/Documents/GitHub/A_Vega_compu_archi_found_2G1_2024/PWM/restador4bits.sv Line: 23
Info (12128): Elaborating entity "Restador_completo" for hierarchy "restador4bits:UUT_r|Restador_completo:for_loop[1].U2" File: C:/Users/Alisson RM/Documents/GitHub/A_Vega_compu_archi_found_2G1_2024/PWM/restador4bits.sv Line: 34
Info (12128): Elaborating entity "Decodificador4" for hierarchy "Decodificador4:deco" File: C:/Users/Alisson RM/Documents/GitHub/A_Vega_compu_archi_found_2G1_2024/PWM/ALU.sv Line: 48
Info (12128): Elaborating entity "DecodificadorBinario" for hierarchy "Decodificador4:deco|DecodificadorBinario:for_loop[0].U1" File: C:/Users/Alisson RM/Documents/GitHub/A_Vega_compu_archi_found_2G1_2024/PWM/Decodificador4.sv Line: 15
Warning (12241): 2 hierarchies have connectivity warnings - see the Connectivity Checks report folder
Info: Quartus Prime Analysis & Elaboration was successful. 0 errors, 14 warnings
    Info: Peak virtual memory: 4765 megabytes
    Info: Processing ended: Mon May 06 00:06:19 2024
    Info: Elapsed time: 00:00:14
    Info: Total CPU time (on all processors): 00:00:31


