------------------------------------------------------------
Timing Analyzer Summary
------------------------------------------------------------

Type  : Slow 1100mV 85C Model Setup 'clk'
Slack : -1.961
TNS   : -8.289

Type  : Slow 1100mV 85C Model Setup 'SCLK'
Slack : -1.177
TNS   : -15.976

Type  : Slow 1100mV 85C Model Hold 'clk'
Slack : 0.317
TNS   : 0.000

Type  : Slow 1100mV 85C Model Hold 'SCLK'
Slack : 0.637
TNS   : 0.000

Type  : Slow 1100mV 85C Model Minimum Pulse Width 'SCLK'
Slack : -0.394
TNS   : -15.397

Type  : Slow 1100mV 85C Model Minimum Pulse Width 'clk'
Slack : -0.394
TNS   : -5.717

Type  : Slow 1100mV 0C Model Setup 'clk'
Slack : -1.755
TNS   : -7.716

Type  : Slow 1100mV 0C Model Setup 'SCLK'
Slack : -1.132
TNS   : -15.634

Type  : Slow 1100mV 0C Model Hold 'clk'
Slack : 0.277
TNS   : 0.000

Type  : Slow 1100mV 0C Model Hold 'SCLK'
Slack : 0.605
TNS   : 0.000

Type  : Slow 1100mV 0C Model Minimum Pulse Width 'SCLK'
Slack : -0.394
TNS   : -15.324

Type  : Slow 1100mV 0C Model Minimum Pulse Width 'clk'
Slack : -0.394
TNS   : -6.137

Type  : Fast 1100mV 85C Model Setup 'clk'
Slack : -0.714
TNS   : -2.655

Type  : Fast 1100mV 85C Model Setup 'SCLK'
Slack : -0.531
TNS   : -5.077

Type  : Fast 1100mV 85C Model Hold 'clk'
Slack : 0.110
TNS   : 0.000

Type  : Fast 1100mV 85C Model Hold 'SCLK'
Slack : 0.320
TNS   : 0.000

Type  : Fast 1100mV 85C Model Minimum Pulse Width 'SCLK'
Slack : -0.392
TNS   : -8.709

Type  : Fast 1100mV 85C Model Minimum Pulse Width 'clk'
Slack : -0.090
TNS   : -0.975

Type  : Fast 1100mV 0C Model Setup 'clk'
Slack : -0.544
TNS   : -2.006

Type  : Fast 1100mV 0C Model Setup 'SCLK'
Slack : -0.418
TNS   : -3.695

Type  : Fast 1100mV 0C Model Hold 'clk'
Slack : 0.012
TNS   : 0.000

Type  : Fast 1100mV 0C Model Hold 'SCLK'
Slack : 0.281
TNS   : 0.000

Type  : Fast 1100mV 0C Model Minimum Pulse Width 'SCLK'
Slack : -0.391
TNS   : -8.814

Type  : Fast 1100mV 0C Model Minimum Pulse Width 'clk'
Slack : -0.088
TNS   : -0.953

------------------------------------------------------------
